// Jest Snapshot v1, https://goo.gl/fbAQLP

exports[`Test Passchange Component スナップショット 1`] = `
<div
  className="sc-74f0d358-0 kbZWUT"
>
  <div
    className="login-page"
  >
    <div
      className="form"
    >
      <form
        className="login-form"
        onSubmit={[Function]}
      >
        <input
          onChange={[Function]}
          placeholder="現在のパスワード"
          type="text"
        />
        <span
          className="validation"
        />
        <input
          onChange={[Function]}
          placeholder="新しいパスワード"
          type="password"
        />
        <span
          className="validation"
        />
        <input
          onChange={[Function]}
          placeholder="新しいパスワード再入力"
          type="password"
        />
        <span
          className="validation"
        />
        <button
          type="submit"
        >
          パスワードを変更する
        </button>
        <button
          onClick={[Function]}
        >
          マイページへ戻る
        </button>
      </form>
    </div>
  </div>
</div>
`;
