// Jest Snapshot v1, https://goo.gl/fbAQLP

exports[`Test Userlife Component スナップショット 1`] = `
<div
  className="sc-582e3d6d-0 cJaJlQ"
>
  <div>
    <div
      className="sc-aef58be3-2 WuDHU"
    >
      <div
        className="sc-aef58be3-3 gEClkv"
      >
        <span
          style={
            {
              "background": "none",
              "border": 0,
              "boxSizing": "border-box",
              "display": "inline-block",
              "height": "initial",
              "margin": 0,
              "maxWidth": "100%",
              "opacity": 1,
              "overflow": "hidden",
              "padding": 0,
              "position": "relative",
              "width": "initial",
            }
          }
        >
          <span
            style={
              {
                "background": "none",
                "border": 0,
                "boxSizing": "border-box",
                "display": "block",
                "height": "initial",
                "margin": 0,
                "maxWidth": "100%",
                "opacity": 1,
                "padding": 0,
                "width": "initial",
              }
            }
          >
            <img
              alt=""
              aria-hidden={true}
              src="data:image/svg+xml,%3csvg%20xmlns=%27http://www.w3.org/2000/svg%27%20version=%271.1%27%20width=%27100%27%20height=%27100%27/%3e"
              style={
                {
                  "background": "none",
                  "border": 0,
                  "display": "block",
                  "height": "initial",
                  "margin": 0,
                  "maxWidth": "100%",
                  "opacity": 1,
                  "padding": 0,
                  "width": "initial",
                }
              }
            />
          </span>
          <img
            alt="logo"
            data-nimg="intrinsic"
            decoding="async"
            onClick={[Function]}
            onError={[Function]}
            onLoad={[Function]}
            onMouseEnter={[Function]}
            onTouchStart={[Function]}
            src="data:image/gif;base64,R0lGODlhAQABAIAAAAAAAP///yH5BAEAAAAALAAAAAABAAEAAAIBRAA7"
            style={
              {
                "border": "none",
                "bottom": 0,
                "boxSizing": "border-box",
                "display": "block",
                "height": 0,
                "left": 0,
                "margin": "auto",
                "maxHeight": "100%",
                "maxWidth": "100%",
                "minHeight": "100%",
                "minWidth": "100%",
                "objectFit": undefined,
                "objectPosition": undefined,
                "padding": 0,
                "position": "absolute",
                "right": 0,
                "top": 0,
                "width": 0,
              }
            }
          />
          <noscript>
            <img
              alt="logo"
              data-nimg="intrinsic"
              decoding="async"
              loading="lazy"
              onClick={[Function]}
              onMouseEnter={[Function]}
              onTouchStart={[Function]}
              src="/_next/image?url=%2Flogo.png&w=256&q=75"
              srcSet="/_next/image?url=%2Flogo.png&w=128&q=75 1x, /_next/image?url=%2Flogo.png&w=256&q=75 2x"
              style={
                {
                  "border": "none",
                  "bottom": 0,
                  "boxSizing": "border-box",
                  "display": "block",
                  "height": 0,
                  "left": 0,
                  "margin": "auto",
                  "maxHeight": "100%",
                  "maxWidth": "100%",
                  "minHeight": "100%",
                  "minWidth": "100%",
                  "objectFit": undefined,
                  "objectPosition": undefined,
                  "padding": 0,
                  "position": "absolute",
                  "right": 0,
                  "top": 0,
                  "width": 0,
                }
              }
            />
          </noscript>
        </span>
      </div>
      <div
        dangerouslySetInnerHTML={
          {
            "__html": "<svg xmlns="http://www.w3.org/2000/svg" viewBox="0 0 32 32">
  <path opacity=".25" d="M16 0 A16 16 0 0 0 16 32 A16 16 0 0 0 16 0 M16 4 A12 12 0 0 1 16 28 A12 12 0 0 1 16 4"/>
  <path d="M16 0 A16 16 0 0 1 32 16 L28 16 A12 12 0 0 0 16 4z">
    <animateTransform attributeName="transform" type="rotate" from="0 16 16" to="360 16 16" dur="0.8s" repeatCount="indefinite" />
  </path>
</svg>
",
          }
        }
        style={
          {
            "fill": "#fff",
            "height": 64,
            "width": 64,
          }
        }
      />
    </div>
  </div>
  <main>
    <div
      className="sc-f3647e89-2 jjYbIO"
    >
      <svg
        className="searchicon"
        fill="currentColor"
        height="1em"
        stroke="currentColor"
        strokeWidth="0"
        style={
          {
            "color": undefined,
          }
        }
        viewBox="0 0 24 24"
        width="1em"
        xmlns="http://www.w3.org/2000/svg"
      >
        <path
          d="M0 0h24v24H0z"
          fill="none"
        />
        <path
          d="M15.5 14h-.79l-.28-.27A6.471 6.471 0 0016 9.5 6.5 6.5 0 109.5 16c1.61 0 3.09-.59 4.23-1.57l.27.28v.79l5 4.99L20.49 19l-4.99-5zm-6 0C7.01 14 5 11.99 5 9.5S7.01 5 9.5 5 14 7.01 14 9.5 11.99 14 9.5 14z"
        />
      </svg>
      <input
        className="custominput"
        onChange={[Function]}
        placeholder="タイトルを入力"
        value=""
      />
      <button
        className="custombutton"
        onClick={[Function]}
      >
        タイトル検索
      </button>
      <table
        border={1}
      >
        <caption>
          投稿件数:
          0
          件
        </caption>
        <caption>
          0
          /
          0
          ページ
        </caption>
        <caption>
          <select
            className="filter"
            onChange={[Function]}
          >
            <option
              value="項目でフィルター"
            >
              項目でフィルター
            </option>
            <option
              value="none"
            >
              none
            </option>
            <option
              value="部屋探し・入居"
            >
              部屋探し・入居
            </option>
            <option
              value="入居前後の手続き"
            >
              入居前後の手続き
            </option>
            <option
              value="防犯・防災"
            >
              防犯・防災
            </option>
            <option
              value="掃除"
            >
              掃除
            </option>
            <option
              value="料理"
            >
              料理
            </option>
            <option
              value="洗濯"
            >
              洗濯
            </option>
          </select>
        </caption>
        <tbody>
          <tr>
            <th
              className="thtitle"
            >
              タイトル
            </th>
            <th
              className="thhead"
            >
              項目
            </th>
            <th
              className="update updatedesc"
              onClick={[Function]}
            >
              作成日
            </th>
          </tr>
        </tbody>
      </table>
    </div>
    <div
      className="sc-f3647e89-3 gQZJai"
    >
      <ul
        aria-label="Pagination"
        className="pagination justify-center"
        role="navigation"
      >
        <li
          className="page-item disabled-button d-none"
        >
          <a
            aria-disabled="true"
            aria-label="Previous page"
            className="previous-link "
            onClick={[Function]}
            onKeyPress={[Function]}
            rel="prev"
            role="button"
            tabIndex="-1"
          >
            &lt;
          </a>
        </li>
        <li
          className="page-item"
        >
          <a
            aria-disabled="false"
            aria-label="Next page"
            className="next-link"
            onClick={[Function]}
            onKeyPress={[Function]}
            rel="next"
            role="button"
            tabIndex="0"
          >
            &gt;
          </a>
        </li>
      </ul>
    </div>
  </main>
  <div
    className="sc-7b192845-2 kxLkGH"
  >
    <div
      className="sc-7b192845-4 hitDvm"
    >
      <span
        style={
          {
            "background": "none",
            "border": 0,
            "boxSizing": "border-box",
            "display": "inline-block",
            "height": "initial",
            "margin": 0,
            "maxWidth": "100%",
            "opacity": 1,
            "overflow": "hidden",
            "padding": 0,
            "position": "relative",
            "width": "initial",
          }
        }
      >
        <span
          style={
            {
              "background": "none",
              "border": 0,
              "boxSizing": "border-box",
              "display": "block",
              "height": "initial",
              "margin": 0,
              "maxWidth": "100%",
              "opacity": 1,
              "padding": 0,
              "width": "initial",
            }
          }
        >
          <img
            alt=""
            aria-hidden={true}
            src="data:image/svg+xml,%3csvg%20xmlns=%27http://www.w3.org/2000/svg%27%20version=%271.1%27%20width=%27150%27%20height=%27150%27/%3e"
            style={
              {
                "background": "none",
                "border": 0,
                "display": "block",
                "height": "initial",
                "margin": 0,
                "maxWidth": "100%",
                "opacity": 1,
                "padding": 0,
                "width": "initial",
              }
            }
          />
        </span>
        <img
          alt="logo"
          data-nimg="intrinsic"
          decoding="async"
          onError={[Function]}
          onLoad={[Function]}
          src="data:image/gif;base64,R0lGODlhAQABAIAAAAAAAP///yH5BAEAAAAALAAAAAABAAEAAAIBRAA7"
          style={
            {
              "border": "none",
              "bottom": 0,
              "boxSizing": "border-box",
              "display": "block",
              "height": 0,
              "left": 0,
              "margin": "auto",
              "maxHeight": "100%",
              "maxWidth": "100%",
              "minHeight": "100%",
              "minWidth": "100%",
              "objectFit": undefined,
              "objectPosition": undefined,
              "padding": 0,
              "position": "absolute",
              "right": 0,
              "top": 0,
              "width": 0,
            }
          }
        />
        <noscript>
          <img
            alt="logo"
            data-nimg="intrinsic"
            decoding="async"
            loading="lazy"
            src="/_next/image?url=%2Flogo.png&w=384&q=75"
            srcSet="/_next/image?url=%2Flogo.png&w=256&q=75 1x, /_next/image?url=%2Flogo.png&w=384&q=75 2x"
            style={
              {
                "border": "none",
                "bottom": 0,
                "boxSizing": "border-box",
                "display": "block",
                "height": 0,
                "left": 0,
                "margin": "auto",
                "maxHeight": "100%",
                "maxWidth": "100%",
                "minHeight": "100%",
                "minWidth": "100%",
                "objectFit": undefined,
                "objectPosition": undefined,
                "padding": 0,
                "position": "absolute",
                "right": 0,
                "top": 0,
                "width": 0,
              }
            }
          />
        </noscript>
      </span>
    </div>
    <div>
      <span
        className="contact"
      >
        お問い合わせはこちら
      </span>
      <textarea
        cols={50}
        onChange={[Function]}
        rows={6}
        value=""
      />
      <button
        onClick={[Function]}
      >
        送信する
      </button>
    </div>
  </div>
</div>
`;
